┌────────────────────────────────┬────────────────────────────────┬───────────────────────────────────────────────────────────────────────────────────────────────────────────────────────────────────────────────────────────────────────────────────────┐
│ @scoir/my-colleges             │ EditApplicationModal           │ ./packages/scoir/student-web/src/components/EditApplicationModal/index.jsx                                                                                                            │
│                                │                                │ ./packages/scoir/counselor-web/src/routes/students/profile/CollegesAndApplications/Swimlanes/components/EditApplicationModal.jsx                                                      │
├────────────────────────────────┼────────────────────────────────┼───────────────────────────────────────────────────────────────────────────────────────────────────────────────────────────────────────────────────────────────────────────────────────┤
│ @scoir/my-colleges             │ Card                           │ ./packages/scoir/student-web/src/components/MyCollegesApplyingAppliedCard/CompletionStatus.jsx                                                                                        │
│                                │                                │ ./packages/scoir/student-web/src/components/MyCollegesApplyingAppliedCard/PendingAcknowledgementHighlight.jsx                                                                         │
│                                │                                │ ./packages/scoir/student-web/src/components/MyCollegesApplyingAppliedCard/index.jsx                                                                                                   │
│                                │                                │ ./packages/scoir/student-web/src/components/ReachLevelLikely/CardDisplay.jsx                                                                                                          │
│                                │                                │ ./packages/scoir/student-web/src/routes/MyColleges/Swimlanes/Following/FollowingCard.jsx                                                                                              │
│                                │                                │ ./packages/scoir/student-web/src/routes/MyColleges/Swimlanes/NotInterested/NotInterestedCard.jsx                                                                                      │
│                                │                                │ ./packages/scoir/student-web/src/routes/MyColleges/Swimlanes/Suggested/SuggestedCard.jsx                                                                                              │
│                                │                                │ ./packages/scoir/student-web/src/routes/MyColleges/Swimlanes/components/DraggableCard/CardDragLayer.jsx                                                                               │
│                                │                                │ ./packages/scoir/student-web/src/routes/MyColleges/Swimlanes/components/DraggableCard/index.jsx                                                                                       │
│                                │                                │ ./packages/scoir/counselor-web/src/routes/students/profile/CollegesAndApplications/Swimlanes/Applied/index.jsx                                                                        │
│                                │                                │ ./packages/scoir/counselor-web/src/routes/students/profile/CollegesAndApplications/Swimlanes/Applying/index.jsx                                                                       │
│                                │                                │ ./packages/scoir/counselor-web/src/routes/students/profile/CollegesAndApplications/Swimlanes/Following/FollowingCard.jsx                                                              │
│                                │                                │ ./packages/scoir/counselor-web/src/routes/students/profile/CollegesAndApplications/Swimlanes/NotInterested.jsx                                                                        │
│                                │                                │ ./packages/scoir/counselor-web/src/routes/students/profile/CollegesAndApplications/Swimlanes/Suggested/index.jsx                                                                      │
│                                │                                │ ./packages/scoir/counselor-web/src/routes/students/profile/CollegesAndApplications/Swimlanes/components/DraggableCard/CardDragLayer.jsx                                               │
│                                │                                │ ./packages/scoir/counselor-web/src/routes/students/profile/CollegesAndApplications/Swimlanes/components/DraggableCard/index.jsx                                                       │
│                                │                                │ ./packages/scoir/counselor-web/src/routes/students/profile/CollegesAndApplications/Swimlanes/components/ReachLevelLikely/CardDisplay.jsx                                              │
├────────────────────────────────┼────────────────────────────────┼───────────────────────────────────────────────────────────────────────────────────────────────────────────────────────────────────────────────────────────────────────────────────────┤
│ @scoir/my-colleges             │ prospectSystemStateMapping     │ ./packages/scoir/student-web/src/components/MyCollegesApplyingAppliedCard/index.jsx                                                                                                   │
│                                │                                │ ./packages/scoir/student-web/src/components/StudentExpandedCard/index.jsx                                                                                                             │
│                                │                                │ ./packages/scoir/student-web/src/helpers/active-early-decision-helper.js                                                                                                              │
│                                │                                │ ./packages/scoir/student-web/src/routes/Dashboard/Carousels/index.jsx                                                                                                                 │
│                                │                                │ ./packages/scoir/student-web/src/routes/MyColleges/RequestRecommendation/Modal/index.jsx                                                                                              │
│                                │                                │ ./packages/scoir/student-web/src/routes/MyColleges/Swimlanes/Applied/index.jsx                                                                                                        │
│                                │                                │ ./packages/scoir/student-web/src/routes/MyColleges/Swimlanes/Applied/swimlane-drop-config.js                                                                                          │
│                                │                                │ ./packages/scoir/student-web/src/routes/MyColleges/Swimlanes/Applying/index.jsx                                                                                                       │
│                                │                                │ ./packages/scoir/parent-web/src/routes/college/College/index.jsx                                                                                                                      │
│                                │                                │ ./packages/scoir/parent-web/src/routes/college/Search/CollegeSearch.jsx                                                                                                               │
│                                │                                │ ./packages/scoir/counselor-web/src/components/ProspectTileDetails/index.jsx                                                                                                           │
│                                │                                │ ./packages/scoir/counselor-web/src/components/SuggestActionModal/index.jsx                                                                                                            │
│                                │                                │ ./packages/scoir/counselor-web/src/routes/data-management/UpdateApplicationOutcomes/ApplicationUpdater/ResultSection/StudentTile/ProspectSection/ProspectRow/OutcomeUpdater.jsx       │
│                                │                                │ ./packages/scoir/counselor-web/src/routes/data-management/UpdateApplicationOutcomes/ApplicationUpdater/ResultSection/StudentTile/ProspectSection/ProspectRow/index.jsx                │
│                                │                                │ ./packages/scoir/counselor-web/src/routes/students/profile/CollegesAndApplications/Swimlanes/Applied/index.jsx                                                                        │
│                                │                                │ ./packages/scoir/counselor-web/src/routes/students/profile/CollegesAndApplications/Swimlanes/Applying/index.jsx                                                                       │
│                                │                                │ ./packages/scoir/counselor-web/src/routes/students/profile/CollegesAndApplications/Swimlanes/components/CounselorExpandedCard/index.jsx                                               │
│                                │                                │ ./packages/scoir/counselor-web/src/routes/students/profile/CollegesAndApplications/Swimlanes/index.jsx                                                                                │
│                                │                                │ ./packages/scoir/counselor-web/src/routes/students/profile/ManageDocuments/OtherDocuments/index.jsx                                                                                   │
│                                │                                │ ./packages/scoir/counselor-web/src/routes/students/profile/SendDocuments/index.jsx                                                                                                    │
├────────────────────────────────┼────────────────────────────────┼───────────────────────────────────────────────────────────────────────────────────────────────────────────────────────────────────────────────────────────────────────────────────────┤
│ @scoir/my-colleges             │ applicationProspectDocumentSlo │ ./packages/scoir/student-web/src/components/MyCollegesApplyingAppliedCard/index.jsx                                                                                                   │
│                                │ tFactory                       │                                                                                                                                                                                       │
│                                │                                │ ./packages/scoir/student-web/src/components/ProspectTileDetails/index.jsx                                                                                                             │
│                                │                                │ ./packages/scoir/counselor-web/src/components/ProspectTileDetails/TeacherRecommendationAttachmentModal/index.jsx                                                                      │
│                                │                                │ ./packages/scoir/counselor-web/src/components/ProspectTileDetails/index.jsx                                                                                                           │
│                                │                                │ ./packages/scoir/counselor-web/src/routes/students/profile/CollegesAndApplications/Swimlanes/Applied/index.jsx                                                                        │
│                                │                                │ ./packages/scoir/counselor-web/src/routes/students/profile/CollegesAndApplications/Swimlanes/Applying/index.jsx                                                                       │
├────────────────────────────────┼────────────────────────────────┼───────────────────────────────────────────────────────────────────────────────────────────────────────────────────────────────────────────────────────────────────────────────────────┤
│ @scoir/my-colleges             │ getProspectGroupName           │ ./packages/scoir/student-web/src/components/MyCollegesApplyingAppliedCard/index.jsx                                                                                                   │
│                                │                                │ ./packages/scoir/student-web/src/routes/MyColleges/Swimlanes/index.jsx                                                                                                                │
│                                │                                │ ./packages/scoir/parent-web/src/routes/student/my-colleges/MyColleges/index.jsx                                                                                                       │
│                                │                                │ ./packages/scoir/counselor-web/src/routes/students/profile/CollegesAndApplications/Swimlanes/index.jsx                                                                                │
├────────────────────────────────┼────────────────────────────────┼───────────────────────────────────────────────────────────────────────────────────────────────────────────────────────────────────────────────────────────────────────────────────────┤
│ @scoir/my-colleges             │ DocumentSlotLabel              │ ./packages/scoir/student-web/src/components/ProspectTileDetails/index.jsx                                                                                                             │
│                                │                                │ ./packages/scoir/counselor-web/src/components/ProspectTileDetails/index.jsx                                                                                                           │
├────────────────────────────────┼────────────────────────────────┼───────────────────────────────────────────────────────────────────────────────────────────────────────────────────────────────────────────────────────────────────────────────────────┤
│ @scoir/my-colleges             │ ReachLevelLikely               │ ./packages/scoir/student-web/src/components/ReachLevelLikely/index.jsx                                                                                                                │
│                                │                                │ ./packages/scoir/counselor-web/src/routes/students/profile/CollegesAndApplications/Swimlanes/components/ReachLevelLikely/index.jsx                                                    │
├────────────────────────────────┼────────────────────────────────┼───────────────────────────────────────────────────────────────────────────────────────────────────────────────────────────────────────────────────────────────────────────────────────┤
│ @scoir/my-colleges             │ getTodoSections                │ ./packages/scoir/student-web/src/components/StudentExpandedCard/ProspectCheckList.jsx                                                                                                 │
│                                │                                │ ./packages/scoir/counselor-web/src/routes/students/profile/CollegesAndApplications/Swimlanes/components/CounselorExpandedCard/ProspectCheckList.jsx                                   │
├────────────────────────────────┼────────────────────────────────┼───────────────────────────────────────────────────────────────────────────────────────────────────────────────────────────────────────────────────────────────────────────────────────┤
│ @scoir/my-colleges             │ ExpandedCard                   │ ./packages/scoir/student-web/src/components/StudentExpandedCard/ProspectCheckList.jsx                                                                                                 │
│                                │                                │ ./packages/scoir/student-web/src/components/StudentExpandedCard/index.jsx                                                                                                             │
│                                │                                │ ./packages/scoir/counselor-web/src/routes/students/profile/CollegesAndApplications/Swimlanes/components/CounselorExpandedCard/ProspectCheckList.jsx                                   │
│                                │                                │ ./packages/scoir/counselor-web/src/routes/students/profile/CollegesAndApplications/Swimlanes/components/CounselorExpandedCard/index.jsx                                               │
├────────────────────────────────┼────────────────────────────────┼───────────────────────────────────────────────────────────────────────────────────────────────────────────────────────────────────────────────────────────────────────────────────────┤
│ @scoir/my-colleges             │ SetByIndicator                 │ ./packages/scoir/student-web/src/components/StudentExpandedCard/ReachLevelLikelyOverlaySection.jsx                                                                                    │
│                                │                                │ ./packages/scoir/counselor-web/src/routes/students/profile/CollegesAndApplications/Swimlanes/components/CounselorExpandedCard/ReachLevelLikelyExpandedSection.jsx                     │
├────────────────────────────────┼────────────────────────────────┼───────────────────────────────────────────────────────────────────────────────────────────────────────────────────────────────────────────────────────────────────────────────────────┤
│ @scoir/my-colleges             │ OutcomeModal                   │ ./packages/scoir/student-web/src/components/StudentExpandedCard/index.jsx                                                                                                             │
│                                │                                │ ./packages/scoir/counselor-web/src/routes/students/profile/CollegesAndApplications/Swimlanes/components/CounselorExpandedCard/index.jsx                                               │
├────────────────────────────────┼────────────────────────────────┼───────────────────────────────────────────────────────────────────────────────────────────────────────────────────────────────────────────────────────────────────────────────────────┤
│ @scoir/my-colleges             │ getProspectGroups              │ ./packages/scoir/student-web/src/routes/Dashboard/Carousels/index.jsx                                                                                                                 │
│                                │                                │ ./packages/scoir/student-web/src/routes/MyColleges/Swimlanes/index.jsx                                                                                                                │
│                                │                                │ ./packages/scoir/student-web/src/store/prospects/index.js                                                                                                                             │
│                                │                                │ ./packages/scoir/parent-web/src/routes/student/my-colleges/MyColleges/index.jsx                                                                                                       │
│                                │                                │ ./packages/scoir/counselor-web/src/routes/colleges/CollegeSearch/index.jsx                                                                                                            │
│                                │                                │ ./packages/scoir/counselor-web/src/routes/students/profile/CollegesAndApplications/Swimlanes/index.jsx                                                                                │
│                                │                                │ ./packages/scoir/counselor-web/src/routes/students/profile/ManageDocuments/index.jsx                                                                                                  │
│                                │                                │ ./packages/scoir/counselor-web/src/routes/students/profile/Scattergram/index.jsx                                                                                                      │
│                                │                                │ ./packages/scoir/counselor-web/src/routes/students/profile/SendDocuments/index.jsx                                                                                                    │
├────────────────────────────────┼────────────────────────────────┼───────────────────────────────────────────────────────────────────────────────────────────────────────────────────────────────────────────────────────────────────────────────────────┤
│ @scoir/my-colleges             │ getAddACollegeBlacklists       │ ./packages/scoir/student-web/src/routes/Dashboard/Carousels/index.jsx                                                                                                                 │
│                                │                                │ ./packages/scoir/student-web/src/routes/MyColleges/Swimlanes/index.jsx                                                                                                                │
│                                │                                │ ./packages/scoir/counselor-web/src/routes/students/profile/CollegesAndApplications/Swimlanes/index.jsx                                                                                │
├────────────────────────────────┼────────────────────────────────┼───────────────────────────────────────────────────────────────────────────────────────────────────────────────────────────────────────────────────────────────────────────────────────┤
│ @scoir/my-colleges             │ advancedDroppableLane          │ ./packages/scoir/student-web/src/routes/MyColleges/Swimlanes/Applied/index.jsx                                                                                                        │
│                                │                                │ ./packages/scoir/student-web/src/routes/MyColleges/Swimlanes/Applied/swimlane-drop-config.js                                                                                          │
├────────────────────────────────┼────────────────────────────────┼───────────────────────────────────────────────────────────────────────────────────────────────────────────────────────────────────────────────────────────────────────────────────────┤
│ @scoir/my-colleges             │ EnrollingTargetArea            │ ./packages/scoir/student-web/src/routes/MyColleges/Swimlanes/Applied/index.jsx                                                                                                        │
│                                │                                │ ./packages/scoir/counselor-web/src/routes/students/profile/CollegesAndApplications/Swimlanes/Applied/index.jsx                                                                        │
├────────────────────────────────┼────────────────────────────────┼───────────────────────────────────────────────────────────────────────────────────────────────────────────────────────────────────────────────────────────────────────────────────────┤
│ @scoir/my-colleges             │ LaneIcons                      │ ./packages/scoir/student-web/src/routes/MyColleges/Swimlanes/Applied/index.jsx                                                                                                        │
│                                │                                │ ./packages/scoir/student-web/src/routes/MyColleges/Swimlanes/Applying/index.jsx                                                                                                       │
│                                │                                │ ./packages/scoir/student-web/src/routes/MyColleges/Swimlanes/Following/FollowingCard.jsx                                                                                              │
│                                │                                │ ./packages/scoir/student-web/src/routes/MyColleges/Swimlanes/Following/index.jsx                                                                                                      │
│                                │                                │ ./packages/scoir/student-web/src/routes/MyColleges/Swimlanes/NotInterested/NotInterestedCard.jsx                                                                                      │
│                                │                                │ ./packages/scoir/student-web/src/routes/MyColleges/Swimlanes/NotInterested/index.jsx                                                                                                  │
│                                │                                │ ./packages/scoir/student-web/src/routes/MyColleges/Swimlanes/Suggested/SuggestedCard.jsx                                                                                              │
│                                │                                │ ./packages/scoir/student-web/src/routes/MyColleges/Swimlanes/Suggested/index.jsx                                                                                                      │
│                                │                                │ ./packages/scoir/counselor-web/src/routes/students/profile/CollegesAndApplications/Swimlanes/Applied/index.jsx                                                                        │
│                                │                                │ ./packages/scoir/counselor-web/src/routes/students/profile/CollegesAndApplications/Swimlanes/Applying/index.jsx                                                                       │
│                                │                                │ ./packages/scoir/counselor-web/src/routes/students/profile/CollegesAndApplications/Swimlanes/Following/FollowingCard.jsx                                                              │
│                                │                                │ ./packages/scoir/counselor-web/src/routes/students/profile/CollegesAndApplications/Swimlanes/Following/index.jsx                                                                      │
│                                │                                │ ./packages/scoir/counselor-web/src/routes/students/profile/CollegesAndApplications/Swimlanes/NotInterested.jsx                                                                        │
│                                │                                │ ./packages/scoir/counselor-web/src/routes/students/profile/CollegesAndApplications/Swimlanes/Suggested/index.jsx                                                                      │
├────────────────────────────────┼────────────────────────────────┼───────────────────────────────────────────────────────────────────────────────────────────────────────────────────────────────────────────────────────────────────────────────────────┤
│ @scoir/my-colleges             │ droppableLane                  │ ./packages/scoir/student-web/src/routes/MyColleges/Swimlanes/Applying/index.jsx                                                                                                       │
│                                │                                │ ./packages/scoir/student-web/src/routes/MyColleges/Swimlanes/Following/index.jsx                                                                                                      │
│                                │                                │ ./packages/scoir/student-web/src/routes/MyColleges/Swimlanes/NotInterested/index.jsx                                                                                                  │
│                                │                                │ ./packages/scoir/student-web/src/routes/MyColleges/Swimlanes/Suggested/index.jsx                                                                                                      │
│                                │                                │ ./packages/scoir/counselor-web/src/routes/students/profile/CollegesAndApplications/Swimlanes/Applied/index.jsx                                                                        │
│                                │                                │ ./packages/scoir/counselor-web/src/routes/students/profile/CollegesAndApplications/Swimlanes/Applying/index.jsx                                                                       │
│                                │                                │ ./packages/scoir/counselor-web/src/routes/students/profile/CollegesAndApplications/Swimlanes/Following/index.jsx                                                                      │
│                                │                                │ ./packages/scoir/counselor-web/src/routes/students/profile/CollegesAndApplications/Swimlanes/NotInterested.jsx                                                                        │
│                                │                                │ ./packages/scoir/counselor-web/src/routes/students/profile/CollegesAndApplications/Swimlanes/Suggested/index.jsx                                                                      │
├────────────────────────────────┼────────────────────────────────┼───────────────────────────────────────────────────────────────────────────────────────────────────────────────────────────────────────────────────────────────────────────────────────┤
│ @scoir/my-colleges             │ AddCollegeAction               │ ./packages/scoir/student-web/src/routes/MyColleges/Swimlanes/components/AddCollegeAction.jsx                                                                                          │
│                                │                                │ ./packages/scoir/counselor-web/src/routes/students/profile/CollegesAndApplications/Swimlanes/AddACollege/index.jsx                                                                    │
├────────────────────────────────┼────────────────────────────────┼───────────────────────────────────────────────────────────────────────────────────────────────────────────────────────────────────────────────────────────────────────────────────────┤
│ @scoir/my-colleges             │ draggableCardPreview           │ ./packages/scoir/student-web/src/routes/MyColleges/Swimlanes/components/DraggableCard/CardDragLayer.jsx                                                                               │
│                                │                                │ ./packages/scoir/counselor-web/src/routes/students/profile/CollegesAndApplications/Swimlanes/components/DraggableCard/CardDragLayer.jsx                                               │
├────────────────────────────────┼────────────────────────────────┼───────────────────────────────────────────────────────────────────────────────────────────────────────────────────────────────────────────────────────────────────────────────────────┤
│ @scoir/my-colleges             │ draggableCard                  │ ./packages/scoir/student-web/src/routes/MyColleges/Swimlanes/components/DraggableCard/index.jsx                                                                                       │
│                                │                                │ ./packages/scoir/counselor-web/src/routes/students/profile/CollegesAndApplications/Swimlanes/components/DraggableCard/index.jsx                                                       │
├────────────────────────────────┼────────────────────────────────┼───────────────────────────────────────────────────────────────────────────────────────────────────────────────────────────────────────────────────────────────────────────────────────┤
│ @scoir/my-colleges             │ PrintAction                    │ ./packages/scoir/student-web/src/routes/MyColleges/Swimlanes/components/PrintAction/index.jsx                                                                                         │
│                                │                                │ ./packages/scoir/counselor-web/src/routes/students/profile/CollegesAndApplications/Swimlanes/components/ContextBarActions/PrintPDF.jsx                                                │
├────────────────────────────────┼────────────────────────────────┼───────────────────────────────────────────────────────────────────────────────────────────────────────────────────────────────────────────────────────────────────────────────────────┤
│ @scoir/my-colleges             │ orderProspects                 │ ./packages/scoir/student-web/src/routes/MyColleges/Swimlanes/index.jsx                                                                                                                │
│                                │                                │ ./packages/scoir/counselor-web/src/routes/students/profile/CollegesAndApplications/Swimlanes/index.jsx                                                                                │
├────────────────────────────────┼────────────────────────────────┼───────────────────────────────────────────────────────────────────────────────────────────────────────────────────────────────────────────────────────────────────────────────────────┤
│ @scoir/my-colleges             │ sortByAlpha                    │ ./packages/scoir/student-web/src/routes/MyColleges/Swimlanes/index.jsx                                                                                                                │
│                                │                                │ ./packages/scoir/counselor-web/src/routes/students/profile/CollegesAndApplications/Swimlanes/index.jsx                                                                                │
├────────────────────────────────┼────────────────────────────────┼───────────────────────────────────────────────────────────────────────────────────────────────────────────────────────────────────────────────────────────────────────────────────────┤
│ @scoir/my-colleges             │ sortByRll                      │ ./packages/scoir/student-web/src/routes/MyColleges/Swimlanes/index.jsx                                                                                                                │
│                                │                                │ ./packages/scoir/counselor-web/src/routes/students/profile/CollegesAndApplications/Swimlanes/index.jsx                                                                                │
├────────────────────────────────┼────────────────────────────────┼───────────────────────────────────────────────────────────────────────────────────────────────────────────────────────────────────────────────────────────────────────────────────────┤
│ @scoir/my-colleges             │ sortByDeadline                 │ ./packages/scoir/student-web/src/routes/MyColleges/Swimlanes/index.jsx                                                                                                                │
│                                │                                │ ./packages/scoir/counselor-web/src/routes/students/profile/CollegesAndApplications/Swimlanes/index.jsx                                                                                │
├────────────────────────────────┼────────────────────────────────┼───────────────────────────────────────────────────────────────────────────────────────────────────────────────────────────────────────────────────────────────────────────────────────┤
│ @scoir/my-colleges             │ DragContextPool                │ ./packages/scoir/student-web/src/routes/MyColleges/Swimlanes/index.jsx                                                                                                                │
│                                │                                │ ./packages/scoir/counselor-web/src/routes/students/profile/CollegesAndApplications/Swimlanes/index.jsx                                                                                │
├────────────────────────────────┼────────────────────────────────┼───────────────────────────────────────────────────────────────────────────────────────────────────────────────────────────────────────────────────────────────────────────────────────┤
│ @scoir/my-colleges             │ Pool                           │ ./packages/scoir/student-web/src/routes/MyColleges/Swimlanes/index.jsx                                                                                                                │
│                                │                                │ ./packages/scoir/counselor-web/src/routes/students/profile/CollegesAndApplications/Swimlanes/index.jsx                                                                                │
├────────────────────────────────┼────────────────────────────────┼───────────────────────────────────────────────────────────────────────────────────────────────────────────────────────────────────────────────────────────────────────────────────────┤
│ @scoir/my-colleges             │ documentSubTypeFilter          │ ./packages/scoir/counselor-web/src/components/ProspectTileDetails/TeacherRecommendationAttachmentModal/AssignedTeacherRecommendationList.jsx                                          │
├────────────────────────────────┼────────────────────────────────┼───────────────────────────────────────────────────────────────────────────────────────────────────────────────────────────────────────────────────────────────────────────────────────┤
│ @scoir/my-colleges             │ acceptedTypes                  │ ./packages/scoir/counselor-web/src/routes/data-management/UpdateApplicationOutcomes/ApplicationUpdater/ResultSection/StudentTile/ProspectSection/ProspectRow/AcceptedTypeSelector.jsx │
├────────────────────────────────┼────────────────────────────────┼───────────────────────────────────────────────────────────────────────────────────────────────────────────────────────────────────────────────────────────────────────────────────────┤
│ @scoir/my-colleges             │ applicationOutcomeHelper       │ ./packages/scoir/counselor-web/src/routes/data-management/UpdateApplicationOutcomes/ApplicationUpdater/ResultSection/StudentTile/ProspectSection/ProspectRow/OutcomeUpdater.jsx       │
└────────────────────────────────┴────────────────────────────────┴───────────────────────────────────────────────────────────────────────────────────────────────────────────────────────────────────────────────────────────────────────────────────────┘

